I'm sorry, but errors were detected in your script. Please correct the
errors listed below, and try again.


File "game/script.rpy", line 29: ATL statement contains two expressions in a row; is one of them a misspelled property? If not, separate them with pass.
    at truecenter
                 ^

Ren'Py Version: Ren'Py 8.5.3.26051504
Mon Jul 20 14:50:38 2026
